WARNING: Position Member of Karnataka Legislative Council (Q55192421) not in boundary associated_wikidata_positions
WARNING: Position Member of the Nagaland Legislative Assembly (Q24541525) not in boundary associated_wikidata_positions
WARNING: Position Member of the Telangana Legislative Assembly (Q24331572) not in boundary associated_wikidata_positions
WARNING: the district Boath (Q4931521) wasn't found in the boundary data for position Member of the Telangana Legislative Assembly (Q24331572)
WARNING: the district Boath (Q4931521) wasn't found in the boundary data for position Member of the Telangana Legislative Assembly (Q24331572)
WARNING: Position Member of Telangana Legislative Council (Q55192423) not in boundary associated_wikidata_positions
WARNING: Position Member of the Gujarat Legislative Assembly (Q17582810) not in boundary associated_wikidata_positions
WARNING: the district Amreli (Q18109621) wasn't found in the boundary data for position Member of the Gujarat Legislative Assembly (Q17582810)
WARNING: the district Rajkot Pashchim (Q17199169) wasn't found in the boundary data for position Member of the Gujarat Legislative Assembly (Q17582810)
WARNING: the district Anglo-Indian reserved seats in the Lok Sabha (Q48724360) wasn't found in the boundary data for position member of the Lok Sabha (Q16556694)
WARNING: the district Anglo-Indian reserved seats in the Lok Sabha (Q48724360) wasn't found in the boundary data for position member of the Lok Sabha (Q16556694)
WARNING: the district Anglo-Indian reserved seats in the Lok Sabha (Q48724360) wasn't found in the boundary data for position member of the Lok Sabha (Q16556694)
WARNING: the district Anglo-Indian reserved seats in the Lok Sabha (Q48724360) wasn't found in the boundary data for position member of the Lok Sabha (Q16556694)
WARNING: Position Member of the Puducherry Legislative Assembly (Q24340546) not in boundary associated_wikidata_positions
WARNING: the district  (Q16133944) wasn't found in the boundary data for position Member of the Kerala Legislative Assembly (Q19468152)
WARNING: the district Kuthuparamba (Q17379603) wasn't found in the boundary data for position Member of the Kerala Legislative Assembly (Q19468152)
WARNING: the district Cherthala (Q16134436) wasn't found in the boundary data for position Member of the Kerala Legislative Assembly (Q19468152)
WARNING: the district Elathur (Q16135458) wasn't found in the boundary data for position Member of the Kerala Legislative Assembly (Q19468152)
WARNING: the district  (Q13113475) wasn't found in the boundary data for position Member of the Kerala Legislative Assembly (Q19468152)
WARNING: the district Kalpetta (Q13111054) wasn't found in the boundary data for position Member of the Kerala Legislative Assembly (Q19468152)
WARNING: the district Dharmadom LA  constituency (Q13112766) wasn't found in the boundary data for position Member of the Kerala Legislative Assembly (Q19468152)
WARNING: Position Member of the Himachal Pradesh Legislative Assembly (Q18055586) not in boundary associated_wikidata_positions
WARNING: Position Member of the Arunachal Pradesh Legislative Assembly (Q24456735) not in boundary associated_wikidata_positions
WARNING: the district Bomdila (Q55261571) wasn't found in the boundary data for position Member of the Arunachal Pradesh Legislative Assembly (Q24456735)
WARNING: the district Bomdila (Q55261571) wasn't found in the boundary data for position Member of the Arunachal Pradesh Legislative Assembly (Q24456735)
WARNING: Position Member of Andhra Pradesh Legislative Council (Q55192418) not in boundary associated_wikidata_positions
WARNING: Position Member of the Assam Legislative Assembly (Q21191662) not in boundary associated_wikidata_positions
WARNING: the district Sonai (Q25212207) wasn't found in the boundary data for position Member of the Assam Legislative Assembly (Q21191662)
WARNING: the district Sonai (Q25212207) wasn't found in the boundary data for position Member of the Assam Legislative Assembly (Q21191662)
WARNING: Position Member of Bihar Legislative Council (Q55192419) not in boundary associated_wikidata_positions
WARNING: Position Member of the Chhattisgarh Legislative Assembly (Q24457183) not in boundary associated_wikidata_positions
WARNING: Position Member of the Odisha Legislative Assembly (Q24546266) not in boundary associated_wikidata_positions
WARNING: the district Aul (Q15723703) wasn't found in the boundary data for position Member of the Odisha Legislative Assembly (Q24546266)
WARNING: the district Korei (Q15723933) wasn't found in the boundary data for position Member of the Odisha Legislative Assembly (Q24546266)
WARNING: Position Member of the Goa Legislative Assembly (Q24461695) not in boundary associated_wikidata_positions
WARNING: Position Member of Jammu and Kashmir Legislative Council (Q55192420) not in boundary associated_wikidata_positions
WARNING: Position member of the Jammu and Kashmir Legislative Assembly (Q18171423) not in boundary associated_wikidata_positions
WARNING: Position Member of the Karnataka Legislative Assembly (Q24525419) not in boundary associated_wikidata_positions
WARNING: Position Member of the Uttarakhand Legislative Assembly (Q18055681) not in boundary associated_wikidata_positions
WARNING: the district Pauri (Q16035282) wasn't found in the boundary data for position Member of the Uttarakhand Legislative Assembly (Q18055681)
WARNING: the district Pauri (Q16035282) wasn't found in the boundary data for position Member of the Uttarakhand Legislative Assembly (Q18055681)
WARNING: Position Member of the Madhya Pradesh Legislative Assembly (Q24529702) not in boundary associated_wikidata_positions
WARNING: Position Member of the Maharashtra Legislative Assembly (Q18055379) not in boundary associated_wikidata_positions
WARNING: Position Member of Maharashtra Legislative Council (Q55192422) not in boundary associated_wikidata_positions
WARNING: Position Member of the Manipur Legislative Assembly (Q19464087) not in boundary associated_wikidata_positions
WARNING: Position Member of the Mizoram Legislative Assembly (Q24540202) not in boundary associated_wikidata_positions
WARNING: Position Member of the Punjab Legislative Assembly (Q24340550) not in boundary associated_wikidata_positions
WARNING: Position Member of the Tamil Nadu Legislative Assembly (Q24558764) not in boundary associated_wikidata_positions
WARNING: Position Member of the Tripura Legislative Assembly (Q24559639) not in boundary associated_wikidata_positions
WARNING: Position Member of the Uttar Pradesh Legislative Assembly (Q18039836) not in boundary associated_wikidata_positions
WARNING: Position Member of Uttar Pradesh Legislative Council (Q55192424) not in boundary associated_wikidata_positions
